2026-07-01 15:45:21 - Erro de conexão (mysql): SQLSTATE[HY000] [1045] Access denied for user 'u276379167_nexora'@'localhost' (using password: YES)
2026-07-01 15:47:32 - Erro de conexão (mysql): SQLSTATE[HY000] [1045] Access denied for user 'u276379167_nexora'@'localhost' (using password: YES)
2026-07-01 15:47:40 - Erro de conexão (mysql): SQLSTATE[HY000] [1045] Access denied for user 'u276379167_nexora'@'localhost' (using password: YES)
2026-07-02 08:55:08 - Erro de conexão (mysql): SQLSTATE[HY000] [2002] Nenhuma conexão pôde ser feita porque a máquina de destino as recusou ativamente.

2026-07-02 08:55:24 - Erro de conexão (mysql): SQLSTATE[HY000] [2002] Nenhuma conexão pôde ser feita porque a máquina de destino as recusou ativamente.

2026-07-02 14:45:10 - Erro de conexão (mysql): SQLSTATE[HY000] [1045] Access denied for user 'root'@'localhost' (using password: YES)
2026-07-02 14:46:05 - Erro de conexão (mysql): SQLSTATE[HY000] [1045] Access denied for user 'root'@'localhost' (using password: YES)
2026-07-02 14:46:13 - Erro de conexão (mysql): SQLSTATE[HY000] [1045] Access denied for user 'root'@'localhost' (using password: YES)
2026-07-02 14:46:15 - Erro de conexão (mysql): SQLSTATE[HY000] [1045] Access denied for user 'root'@'localhost' (using password: YES)
2026-07-02 14:46:15 - Erro de conexão (mysql): SQLSTATE[HY000] [1045] Access denied for user 'root'@'localhost' (using password: YES)
2026-07-02 14:46:28 - Erro de conexão (mysql): SQLSTATE[HY000] [1045] Access denied for user 'root'@'localhost' (using password: YES)
2026-07-02 14:51:56 - Erro de conexão (mysql): SQLSTATE[HY000] [1045] Access denied for user 'root'@'localhost' (using password: YES)
2026-07-02 15:01:56 - Erro de conexão (mysql): SQLSTATE[HY000] [1045] Access denied for user 'u276379167_nexora'@'localhost' (using password: NO)
2026-07-02 15:01:56 - Erro de conexão (mysql): SQLSTATE[HY000] [1045] Access denied for user 'u276379167_nexora'@'localhost' (using password: NO)
2026-07-02 15:01:56 - Erro de conexão (mysql): SQLSTATE[HY000] [1045] Access denied for user 'u276379167_nexora'@'localhost' (using password: NO)
2026-07-02 15:01:56 - Erro de conexão (mysql): SQLSTATE[HY000] [1045] Access denied for user 'u276379167_nexora'@'localhost' (using password: NO)
2026-07-02 15:01:58 - Erro de conexão (mysql): SQLSTATE[HY000] [1045] Access denied for user 'u276379167_nexora'@'localhost' (using password: NO)
2026-07-02 15:01:58 - Erro de conexão (mysql): SQLSTATE[HY000] [1045] Access denied for user 'u276379167_nexora'@'localhost' (using password: NO)
2026-07-02 15:01:58 - Erro de conexão (mysql): SQLSTATE[HY000] [1045] Access denied for user 'u276379167_nexora'@'localhost' (using password: NO)
2026-07-02 15:01:58 - Erro de conexão (mysql): SQLSTATE[HY000] [1045] Access denied for user 'u276379167_nexora'@'localhost' (using password: NO)
2026-07-02 15:01:59 - Erro de conexão (mysql): SQLSTATE[HY000] [1045] Access denied for user 'u276379167_nexora'@'localhost' (using password: NO)
2026-07-02 15:02:00 - Erro de conexão (mysql): SQLSTATE[HY000] [1045] Access denied for user 'u276379167_nexora'@'localhost' (using password: NO)
2026-07-02 15:02:00 - Erro de conexão (mysql): SQLSTATE[HY000] [1045] Access denied for user 'u276379167_nexora'@'localhost' (using password: NO)
2026-07-02 15:02:00 - Erro de conexão (mysql): SQLSTATE[HY000] [1045] Access denied for user 'u276379167_nexora'@'localhost' (using password: NO)
2026-07-02 15:02:01 - Erro de conexão (mysql): SQLSTATE[HY000] [1045] Access denied for user 'u276379167_nexora'@'localhost' (using password: NO)
2026-07-02 15:02:01 - Erro de conexão (mysql): SQLSTATE[HY000] [1045] Access denied for user 'u276379167_nexora'@'localhost' (using password: NO)
2026-07-02 15:02:01 - Erro de conexão (mysql): SQLSTATE[HY000] [1045] Access denied for user 'u276379167_nexora'@'localhost' (using password: NO)
2026-07-02 15:02:02 - Erro de conexão (mysql): SQLSTATE[HY000] [1045] Access denied for user 'u276379167_nexora'@'localhost' (using password: NO)
2026-07-02 15:02:02 - Erro de conexão (mysql): SQLSTATE[HY000] [1045] Access denied for user 'u276379167_nexora'@'localhost' (using password: NO)
2026-07-02 15:02:02 - Erro de conexão (mysql): SQLSTATE[HY000] [1045] Access denied for user 'u276379167_nexora'@'localhost' (using password: NO)
2026-07-02 15:02:04 - Erro de conexão (mysql): SQLSTATE[HY000] [1045] Access denied for user 'u276379167_nexora'@'localhost' (using password: NO)
2026-07-02 15:02:04 - Erro de conexão (mysql): SQLSTATE[HY000] [1045] Access denied for user 'u276379167_nexora'@'localhost' (using password: NO)
2026-07-02 15:02:04 - Erro de conexão (mysql): SQLSTATE[HY000] [1045] Access denied for user 'u276379167_nexora'@'localhost' (using password: NO)
2026-07-02 15:02:04 - Erro de conexão (mysql): SQLSTATE[HY000] [1045] Access denied for user 'u276379167_nexora'@'localhost' (using password: NO)
2026-07-02 15:02:49 - Erro de conexão (mysql): SQLSTATE[HY000] [1045] Access denied for user 'u276379167_nexora'@'localhost' (using password: NO)
2026-07-02 16:57:50 - Erro de conexão (mysql): DB_REMOTE_HOST não configurado. No PC, use o MySQL remoto da Hostinger: painel → Bancos de dados → MySQL remoto → habilite seu IP e copie o host (ex.: srv1234.hstgr.io). Defina em api/.env ou api/settings/settings.php.
2026-07-02 17:01:10 - Erro de conexão (mysql): SQLSTATE[HY000] [1045] Access denied for user 'u276379167_nexora'@'201.28.192.202' (using password: YES)
2026-07-02 17:05:24 - Erro de conexão (mysql): SQLSTATE[HY000] [1045] Access denied for user 'u276379167_nexora'@'201.28.192.202' (using password: YES)
2026-07-02 17:08:27 - Erro de conexão (mysql): SQLSTATE[HY000] [1045] Access denied for user 'u276379167_nexora'@'201.28.192.202' (using password: YES)
2026-07-02 17:08:50 - Erro de conexão (mysql): SQLSTATE[HY000] [1045] Access denied for user 'u276379167_nexora'@'201.28.192.202' (using password: YES)
2026-07-02 17:08:51 - Erro de conexão (mysql): SQLSTATE[HY000] [1045] Access denied for user 'u276379167_nexora'@'201.28.192.202' (using password: YES)
